// Jest Snapshot v1, https://goo.gl/fbAQLP

exports[`ImageCard should render correctly 1`] = `
<div>
  <div
    class="sc-bczRLJ dQQVWG"
  >
    <div
      class="sc-gsnTZi kgKmUF"
    />
  </div>
</div>
`;
