// Jest Snapshot v1, https://goo.gl/fbAQLP

exports[`AllReviews should render correctly 1`] = `
<div>
  <section
    class="sc-bczRLJ eemIpn"
  >
    <div
      class="sc-gsnTZi cFgCqY"
    >
      <h2>
        Reviews
      </h2>
      <div
        class="sc-hKMtZM bKMAaB"
      >
        <div
          class="sc-eCYdqJ iyiAJB"
        >
          <div
            class="sc-jSMfEi cxMpge"
          >
            <svg
              aria-hidden="true"
              class="StyledIconBase-ea9ulj-0 lbJwfL sc-ftvSup fLWAMn"
              fill="currentColor"
              focusable="false"
              viewBox="0 0 24 24"
              xmlns="http://www.w3.org/2000/svg"
            >
              <path
                d="M12 2C6.486 2 2 6.486 2 12s4.486 10 10 10 10-4.486 10-10S17.514 2 12 2zm0 18c-4.411 0-8-3.589-8-8s3.589-8 8-8 8 3.589 8 8-3.589 8-8 8z"
              />
              <circle
                cx="8.5"
                cy="10.5"
                r="1.5"
              />
              <circle
                cx="15.493"
                cy="10.493"
                r="1.493"
              />
              <path
                d="M12 18c4 0 5-4 5-4H7s1 4 5 4z"
              />
            </svg>
            <p>
              Name 3
            </p>
          </div>
          <div
            class="sc-papXJ gDpZmt"
          >
            <p
              class="sc-breuTD iiijzD"
            >
              <svg
                aria-hidden="true"
                class="StyledIconBase-ea9ulj-0 lbJwfL sc-jqUVSM gKbZDu"
                fill="currentColor"
                focusable="false"
                viewBox="0 0 24 24"
                xmlns="http://www.w3.org/2000/svg"
              >
                <path
                  d="M21.947 9.179a1.001 1.001 0 0 0-.868-.676l-5.701-.453-2.467-5.461a.998.998 0 0 0-1.822-.001L8.622 8.05l-5.701.453a1 1 0 0 0-.619 1.713l4.213 4.107-1.49 6.452a1 1 0 0 0 1.53 1.057L12 18.202l5.445 3.63a1.001 1.001 0 0 0 1.517-1.106l-1.829-6.4 4.536-4.082c.297-.268.406-.686.278-1.065z"
                />
              </svg>
              <svg
                aria-hidden="true"
                class="StyledIconBase-ea9ulj-0 lbJwfL sc-jqUVSM gKbZDu"
                fill="currentColor"
                focusable="false"
                viewBox="0 0 24 24"
                xmlns="http://www.w3.org/2000/svg"
              >
                <path
                  d="M21.947 9.179a1.001 1.001 0 0 0-.868-.676l-5.701-.453-2.467-5.461a.998.998 0 0 0-1.822-.001L8.622 8.05l-5.701.453a1 1 0 0 0-.619 1.713l4.213 4.107-1.49 6.452a1 1 0 0 0 1.53 1.057L12 18.202l5.445 3.63a1.001 1.001 0 0 0 1.517-1.106l-1.829-6.4 4.536-4.082c.297-.268.406-.686.278-1.065z"
                />
              </svg>
              <svg
                aria-hidden="true"
                class="StyledIconBase-ea9ulj-0 lbJwfL sc-jqUVSM gKbZDu"
                fill="currentColor"
                focusable="false"
                viewBox="0 0 24 24"
                xmlns="http://www.w3.org/2000/svg"
              >
                <path
                  d="M21.947 9.179a1.001 1.001 0 0 0-.868-.676l-5.701-.453-2.467-5.461a.998.998 0 0 0-1.822-.001L8.622 8.05l-5.701.453a1 1 0 0 0-.619 1.713l4.213 4.107-1.49 6.452a1 1 0 0 0 1.53 1.057L12 18.202l5.445 3.63a1.001 1.001 0 0 0 1.517-1.106l-1.829-6.4 4.536-4.082c.297-.268.406-.686.278-1.065z"
                />
              </svg>
              <svg
                aria-hidden="true"
                class="StyledIconBase-ea9ulj-0 lbJwfL sc-jqUVSM gKbZDu"
                fill="currentColor"
                focusable="false"
                viewBox="0 0 24 24"
                xmlns="http://www.w3.org/2000/svg"
              >
                <path
                  d="M21.947 9.179a1.001 1.001 0 0 0-.868-.676l-5.701-.453-2.467-5.461a.998.998 0 0 0-1.822-.001L8.622 8.05l-5.701.453a1 1 0 0 0-.619 1.713l4.213 4.107-1.49 6.452a1 1 0 0 0 1.53 1.057L12 18.202l5.445 3.63a1.001 1.001 0 0 0 1.517-1.106l-1.829-6.4 4.536-4.082c.297-.268.406-.686.278-1.065z"
                />
              </svg>
              <svg
                aria-hidden="true"
                class="StyledIconBase-ea9ulj-0 lbJwfL sc-jqUVSM gKbZDu"
                fill="currentColor"
                focusable="false"
                viewBox="0 0 24 24"
                xmlns="http://www.w3.org/2000/svg"
              >
                <path
                  d="M21.947 9.179a1.001 1.001 0 0 0-.868-.676l-5.701-.453-2.467-5.461a.998.998 0 0 0-1.822-.001L8.622 8.05l-5.701.453a1 1 0 0 0-.619 1.713l4.213 4.107-1.49 6.452a1 1 0 0 0 1.53 1.057L12 18.202l5.445 3.63a1.001 1.001 0 0 0 1.517-1.106l-1.829-6.4 4.536-4.082c.297-.268.406-.686.278-1.065z"
                />
              </svg>
              <span
                class="sc-evZas ccJzNt"
              >
                (01/05/2022)
              </span>
            </p>
            <div
              class="sc-iqcoie gAUmKf"
            >
              <p>
                Good product
              </p>
              <p
                class="sc-crXcEl gQMZmj"
              >
                Best product I ever used
              </p>
            </div>
          </div>
        </div>
        <div
          class="sc-eCYdqJ iyiAJB"
        >
          <div
            class="sc-jSMfEi cxMpge"
          >
            <svg
              aria-hidden="true"
              class="StyledIconBase-ea9ulj-0 lbJwfL sc-iBkjds flrtOA"
              fill="currentColor"
              focusable="false"
              viewBox="0 0 24 24"
              xmlns="http://www.w3.org/2000/svg"
            >
              <path
                d="M12 2C6.486 2 2 6.486 2 12s4.486 10 10 10 10-4.486 10-10S17.514 2 12 2zm0 18c-4.411 0-8-3.589-8-8s3.589-8 8-8 8 3.589 8 8-3.589 8-8 8z"
              />
              <circle
                cx="8.5"
                cy="10.5"
                r="1.5"
              />
              <circle
                cx="15.493"
                cy="10.493"
                r="1.493"
              />
              <path
                d="M7.974 15H16v2H7.974z"
              />
            </svg>
            <p>
              Name 2
            </p>
          </div>
          <div
            class="sc-papXJ gDpZmt"
          >
            <p
              class="sc-breuTD iiijzD"
            >
              <svg
                aria-hidden="true"
                class="StyledIconBase-ea9ulj-0 lbJwfL sc-jqUVSM gKbZDu"
                fill="currentColor"
                focusable="false"
                viewBox="0 0 24 24"
                xmlns="http://www.w3.org/2000/svg"
              >
                <path
                  d="M21.947 9.179a1.001 1.001 0 0 0-.868-.676l-5.701-.453-2.467-5.461a.998.998 0 0 0-1.822-.001L8.622 8.05l-5.701.453a1 1 0 0 0-.619 1.713l4.213 4.107-1.49 6.452a1 1 0 0 0 1.53 1.057L12 18.202l5.445 3.63a1.001 1.001 0 0 0 1.517-1.106l-1.829-6.4 4.536-4.082c.297-.268.406-.686.278-1.065z"
                />
              </svg>
              <svg
                aria-hidden="true"
                class="StyledIconBase-ea9ulj-0 lbJwfL sc-jqUVSM gKbZDu"
                fill="currentColor"
                focusable="false"
                viewBox="0 0 24 24"
                xmlns="http://www.w3.org/2000/svg"
              >
                <path
                  d="M21.947 9.179a1.001 1.001 0 0 0-.868-.676l-5.701-.453-2.467-5.461a.998.998 0 0 0-1.822-.001L8.622 8.05l-5.701.453a1 1 0 0 0-.619 1.713l4.213 4.107-1.49 6.452a1 1 0 0 0 1.53 1.057L12 18.202l5.445 3.63a1.001 1.001 0 0 0 1.517-1.106l-1.829-6.4 4.536-4.082c.297-.268.406-.686.278-1.065z"
                />
              </svg>
              <svg
                aria-hidden="true"
                class="StyledIconBase-ea9ulj-0 lbJwfL sc-jqUVSM gKbZDu"
                fill="currentColor"
                focusable="false"
                viewBox="0 0 24 24"
                xmlns="http://www.w3.org/2000/svg"
              >
                <path
                  d="M21.947 9.179a1.001 1.001 0 0 0-.868-.676l-5.701-.453-2.467-5.461a.998.998 0 0 0-1.822-.001L8.622 8.05l-5.701.453a1 1 0 0 0-.619 1.713l4.213 4.107-1.49 6.452a1 1 0 0 0 1.53 1.057L12 18.202l5.445 3.63a1.001 1.001 0 0 0 1.517-1.106l-1.829-6.4 4.536-4.082c.297-.268.406-.686.278-1.065z"
                />
              </svg>
              <svg
                aria-hidden="true"
                class="StyledIconBase-ea9ulj-0 lbJwfL sc-kDDrLX ghEnkw"
                fill="currentColor"
                focusable="false"
                viewBox="0 0 24 24"
                xmlns="http://www.w3.org/2000/svg"
              >
                <path
                  d="M21.947 9.179a1.001 1.001 0 0 0-.868-.676l-5.701-.453-2.467-5.461a.998.998 0 0 0-1.822-.001L8.622 8.05l-5.701.453a1 1 0 0 0-.619 1.713l4.213 4.107-1.49 6.452a1 1 0 0 0 1.53 1.057L12 18.202l5.445 3.63a1.001 1.001 0 0 0 1.517-1.106l-1.829-6.4 4.536-4.082c.297-.268.406-.686.278-1.065z"
                />
              </svg>
              <svg
                aria-hidden="true"
                class="StyledIconBase-ea9ulj-0 lbJwfL sc-kDDrLX ghEnkw"
                fill="currentColor"
                focusable="false"
                viewBox="0 0 24 24"
                xmlns="http://www.w3.org/2000/svg"
              >
                <path
                  d="M21.947 9.179a1.001 1.001 0 0 0-.868-.676l-5.701-.453-2.467-5.461a.998.998 0 0 0-1.822-.001L8.622 8.05l-5.701.453a1 1 0 0 0-.619 1.713l4.213 4.107-1.49 6.452a1 1 0 0 0 1.53 1.057L12 18.202l5.445 3.63a1.001 1.001 0 0 0 1.517-1.106l-1.829-6.4 4.536-4.082c.297-.268.406-.686.278-1.065z"
                />
              </svg>
              <span
                class="sc-evZas ccJzNt"
              >
                (01/04/2022)
              </span>
            </p>
            <div
              class="sc-iqcoie gAUmKf"
            >
              <p>
                Not bad, not good
              </p>
              <p
                class="sc-crXcEl gQMZmj"
              >
                It's a product that can do the job.
              </p>
            </div>
          </div>
        </div>
        <div
          class="sc-eCYdqJ iyiAJB"
        >
          <div
            class="sc-jSMfEi cxMpge"
          >
            <svg
              aria-hidden="true"
              class="StyledIconBase-ea9ulj-0 lbJwfL sc-gKXOVf cKhAZa"
              fill="currentColor"
              focusable="false"
              viewBox="0 0 24 24"
              xmlns="http://www.w3.org/2000/svg"
            >
              <path
                d="M12 2C6.486 2 2 6.486 2 12s4.486 10 10 10 10-4.486 10-10S17.514 2 12 2zm0 18c-4.411 0-8-3.589-8-8s3.589-8 8-8 8 3.589 8 8-3.589 8-8 8z"
              />
              <circle
                cx="8.5"
                cy="10.5"
                r="1.5"
              />
              <circle
                cx="15.493"
                cy="10.493"
                r="1.493"
              />
              <path
                d="M12 14c-3 0-4 3-4 3h8s-1-3-4-3z"
              />
            </svg>
            <p>
              Name 1
            </p>
          </div>
          <div
            class="sc-papXJ gDpZmt"
          >
            <p
              class="sc-breuTD iiijzD"
            >
              <svg
                aria-hidden="true"
                class="StyledIconBase-ea9ulj-0 lbJwfL sc-jqUVSM gKbZDu"
                fill="currentColor"
                focusable="false"
                viewBox="0 0 24 24"
                xmlns="http://www.w3.org/2000/svg"
              >
                <path
                  d="M21.947 9.179a1.001 1.001 0 0 0-.868-.676l-5.701-.453-2.467-5.461a.998.998 0 0 0-1.822-.001L8.622 8.05l-5.701.453a1 1 0 0 0-.619 1.713l4.213 4.107-1.49 6.452a1 1 0 0 0 1.53 1.057L12 18.202l5.445 3.63a1.001 1.001 0 0 0 1.517-1.106l-1.829-6.4 4.536-4.082c.297-.268.406-.686.278-1.065z"
                />
              </svg>
              <svg
                aria-hidden="true"
                class="StyledIconBase-ea9ulj-0 lbJwfL sc-jqUVSM gKbZDu"
                fill="currentColor"
                focusable="false"
                viewBox="0 0 24 24"
                xmlns="http://www.w3.org/2000/svg"
              >
                <path
                  d="M21.947 9.179a1.001 1.001 0 0 0-.868-.676l-5.701-.453-2.467-5.461a.998.998 0 0 0-1.822-.001L8.622 8.05l-5.701.453a1 1 0 0 0-.619 1.713l4.213 4.107-1.49 6.452a1 1 0 0 0 1.53 1.057L12 18.202l5.445 3.63a1.001 1.001 0 0 0 1.517-1.106l-1.829-6.4 4.536-4.082c.297-.268.406-.686.278-1.065z"
                />
              </svg>
              <svg
                aria-hidden="true"
                class="StyledIconBase-ea9ulj-0 lbJwfL sc-kDDrLX ghEnkw"
                fill="currentColor"
                focusable="false"
                viewBox="0 0 24 24"
                xmlns="http://www.w3.org/2000/svg"
              >
                <path
                  d="M21.947 9.179a1.001 1.001 0 0 0-.868-.676l-5.701-.453-2.467-5.461a.998.998 0 0 0-1.822-.001L8.622 8.05l-5.701.453a1 1 0 0 0-.619 1.713l4.213 4.107-1.49 6.452a1 1 0 0 0 1.53 1.057L12 18.202l5.445 3.63a1.001 1.001 0 0 0 1.517-1.106l-1.829-6.4 4.536-4.082c.297-.268.406-.686.278-1.065z"
                />
              </svg>
              <svg
                aria-hidden="true"
                class="StyledIconBase-ea9ulj-0 lbJwfL sc-kDDrLX ghEnkw"
                fill="currentColor"
                focusable="false"
                viewBox="0 0 24 24"
                xmlns="http://www.w3.org/2000/svg"
              >
                <path
                  d="M21.947 9.179a1.001 1.001 0 0 0-.868-.676l-5.701-.453-2.467-5.461a.998.998 0 0 0-1.822-.001L8.622 8.05l-5.701.453a1 1 0 0 0-.619 1.713l4.213 4.107-1.49 6.452a1 1 0 0 0 1.53 1.057L12 18.202l5.445 3.63a1.001 1.001 0 0 0 1.517-1.106l-1.829-6.4 4.536-4.082c.297-.268.406-.686.278-1.065z"
                />
              </svg>
              <svg
                aria-hidden="true"
                class="StyledIconBase-ea9ulj-0 lbJwfL sc-kDDrLX ghEnkw"
                fill="currentColor"
                focusable="false"
                viewBox="0 0 24 24"
                xmlns="http://www.w3.org/2000/svg"
              >
                <path
                  d="M21.947 9.179a1.001 1.001 0 0 0-.868-.676l-5.701-.453-2.467-5.461a.998.998 0 0 0-1.822-.001L8.622 8.05l-5.701.453a1 1 0 0 0-.619 1.713l4.213 4.107-1.49 6.452a1 1 0 0 0 1.53 1.057L12 18.202l5.445 3.63a1.001 1.001 0 0 0 1.517-1.106l-1.829-6.4 4.536-4.082c.297-.268.406-.686.278-1.065z"
                />
              </svg>
              <span
                class="sc-evZas ccJzNt"
              >
                (01/02/2022)
              </span>
            </p>
            <div
              class="sc-iqcoie gAUmKf"
            >
              <p>
                Not so good product
              </p>
              <p
                class="sc-crXcEl gQMZmj"
              >
                Not recomended...
              </p>
            </div>
          </div>
        </div>
      </div>
    </div>
    <div>
      Trends
    </div>
  </section>
</div>
`;
